18:21:19 **** Incremental Build of configuration Debug for project SourceCode ****
make -j16 all 
arm-none-eabi-gcc -o "SourceCode.elf" @"objects.list"   -mcpu=cortex-m3 -T"C:\Users\MY GEAR\Desktop\MCULab2\STM32Code\Exc1\STM32F103C6UX_FLASH.ld" --specs=nosys.specs -Wl,-Map="SourceCode.map" -Wl,--gc-sections -static --specs=nano.specs -mfloat-abi=soft -mthumb -Wl,--start-group -lc -lm -Wl,--end-group
Finished building target: SourceCode.elf
 
arm-none-eabi-size   SourceCode.elf 
arm-none-eabi-objdump -h -S  SourceCode.elf  > "SourceCode.list"
   text	   data	    bss	    dec	    hex	filename
   7392	     20	   1660	   9072	   2370	SourceCode.elf
arm-none-eabi-objcopy  -O ihex  SourceCode.elf  "SourceCode.hex"
arm-none-eabi-objcopy  -O binary  SourceCode.elf  "SourceCode.bin"
Finished building: default.size.stdout
 
Finished building: SourceCode.hex
Finished building: SourceCode.list
Finished building: SourceCode.bin
 
 
 

18:21:19 Build Finished. 0 errors, 0 warnings. (took 279ms)

